/dev/unitree_servo @ 6000000, id 0
compliance/hysteresis: sweep tau 0 -> +0.032 -> 0 -> -0.032 -> 0 N.m in 0.004 steps (all below breakaway 0.0365 N.m, shaft stays put)
  tau_cmd=+0.0000  reported=-0.00202 Nm  rotor->out +0.000000 rad  output enc +0.000000 rad  gap +0.000000 rad (+0.0000 deg)
  tau_cmd=+0.0040  reported=+0.00042 Nm  rotor->out -0.000010 rad  output enc +0.000043 rad  gap -0.000054 rad (-0.0031 deg)
  tau_cmd=+0.0080  reported=+0.00358 Nm  rotor->out -0.000011 rad  output enc +0.000162 rad  gap -0.000172 rad (-0.0099 deg)
  tau_cmd=+0.0120  reported=+0.00826 Nm  rotor->out -0.000010 rad  output enc +0.000017 rad  gap -0.000027 rad (-0.0015 deg)
  tau_cmd=+0.0160  reported=+0.01128 Nm  rotor->out -0.000007 rad  output enc +0.000105 rad  gap -0.000112 rad (-0.0064 deg)
  tau_cmd=+0.0200  reported=+0.01651 Nm  rotor->out +0.000012 rad  output enc +0.000131 rad  gap -0.000119 rad (-0.0068 deg)
  tau_cmd=+0.0240  reported=+0.02006 Nm  rotor->out +0.000040 rad  output enc +0.000064 rad  gap -0.000024 rad (-0.0014 deg)
  tau_cmd=+0.0280  reported=+0.02296 Nm  rotor->out +0.000192 rad  output enc +0.000112 rad  gap +0.000080 rad (+0.0046 deg)
  tau_cmd=+0.0320  reported=+0.02656 Nm  rotor->out +0.001379 rad  output enc +0.003291 rad  gap -0.001911 rad (-0.1095 deg)
  tau_cmd=+0.0000  reported=-0.00250 Nm  rotor->out +0.001107 rad  output enc +0.002327 rad  gap -0.001220 rad (-0.0699 deg)
  tau_cmd=-0.0040  reported=-0.00863 Nm  rotor->out +0.000639 rad  output enc +0.001531 rad  gap -0.000892 rad (-0.0511 deg)
  tau_cmd=-0.0080  reported=-0.01188 Nm  rotor->out +0.000106 rad  output enc +0.000833 rad  gap -0.000727 rad (-0.0417 deg)
  tau_cmd=-0.0120  reported=-0.01496 Nm  rotor->out -0.000453 rad  output enc +0.000656 rad  gap -0.001109 rad (-0.0635 deg)
  tau_cmd=-0.0160  reported=-0.01888 Nm  rotor->out -0.000955 rad  output enc +0.000709 rad  gap -0.001665 rad (-0.0954 deg)
  tau_cmd=-0.0200  reported=-0.02345 Nm  rotor->out -0.001622 rad  output enc +0.001071 rad  gap -0.002693 rad (-0.1543 deg)
  tau_cmd=-0.0240  reported=-0.02663 Nm  rotor->out -0.002116 rad  output enc +0.001585 rad  gap -0.003701 rad (-0.2121 deg)
  tau_cmd=-0.0280  reported=-0.03066 Nm  rotor->out -0.002661 rad  output enc +0.002676 rad  gap -0.005337 rad (-0.3058 deg)
  tau_cmd=-0.0320  reported=-0.03398 Nm  rotor->out -0.002983 rad  output enc +0.003450 rad  gap -0.006433 rad (-0.3686 deg)
  tau_cmd=+0.0000  reported=-0.00198 Nm  rotor->out -0.002931 rad  output enc +0.002988 rad  gap -0.005919 rad (-0.3391 deg)
  + direction: the output encoder moved 3.29 mrad (4 of its 0.77 mrad counts) while tau went to +0.0261 Nm -- that is reaction/creep, not wind-up, so no stiffness can be read from it
  - direction: the output encoder moved 3.45 mrad (4 of its 0.77 mrad counts) while tau went to +0.0254 Nm -- that is reaction/creep, not wind-up, so no stiffness can be read from it
  -> verdict: NOT MEASURED. Whatever the gap does under load here, it is not a spring; at the torques this servo can take, the tooth play (see the backlash step) dominates any elastic compliance.
  backlash estimate (gap at tau=0, +approach minus -approach): +0.000000 rad
  raw: /home/jetson/Desktop/microduck/unitree_servo/bam_data/M7_compliance_id0_20260911_201801.csv
@@RESULT@@ {"case_c": 61, "gap_scatter_rad": 0.0005516154436502088, "kind": "compliance", "merr": 0, "outpos_lsb_rad": 0.0007669903939428206, "points": [[0.0, -0.0020245242615605373, 0.0, 0.0, 0.0], [0.004, 0.0004242074671577205, -1.0334334716963212e-05, 4.334583272314063e-05, -5.368016744010384e-05], [0.008, 0.0035836291152263377, -1.0550736311856768e-05, 0.00016194779627021205, -0.00017249853258206882], [0.012, 0.008259319142085258, -1.0269773780408054e-05, 1.659472032145004e-05, -2.6864494101858094e-05], [0.016, 0.011279801644631236, -7.281388277352585e-06, 0.00010475617213323574, -0.00011203756041058832], [0.02, 0.016505503834131643, 1.2317082688673153e-05, 0.00013091998815184525, -0.00011860290546317209], [0.024, 0.020064880749982566, 3.978032622062311e-05, 6.394152373534467e-05, -2.4161197514721566e-05], [0.028, 0.02296319865656882, 0.0001917681340442151, 0.00011210456366494981, 7.96635703792653e-05], [0.032, 0.02655728774665103, 0.0013791230109283376, 0.0032905905024085413, -0.0019114674914802038], [0.0, -0.0024965511011735405, 0.0011066453991379344, 0.0023266507849690754, -0.001220005385831141], [-0.004, -0.008630151316952803, 0.000639375809776771, 0.0015313706897801538, -0.0008919948800033828], [-0.008, -0.011882276752729883, 0.00010564833307689925, 0.0008328740906389243, -0.000727225757562025], [-0.012, -0.014958407396092745, -0.00045319544802267797, 0.0006556956467331787, -0.0011088910947558567], [-0.016, -0.018881727007526536, -0.0009553595300301337, 0.0007093988345383551, -0.0016647583645684888], [-0.02, -0.02344757174195335, -0.0016218874110048992, 0.0010711140893659987, -0.002693001500370898], [-0.024, -0.02662524590562785, -0.0021159417680806786, 0.001585222583289081, -0.0037011643513697595], [-0.028, -0.030661218710217014, -0.0026610327365287206, 0.0026763568393572967, -0.005337389575886017], [-0.032, -0.0339809920839049, -0.0029829246296058792, 0.003450260686358675, -0.006433185315964554], [0.0, -0.001982864967492342, -0.002930555194728887, 0.0029879608793921264, -0.0059185160741210135]], "raw_log": "/home/jetson/Desktop/microduck/unitree_servo/bam_data/M7_compliance_id0_20260911_201801.csv", "rotor_lsb_out_rad": 6.649731187673233e-07, "step": 0.004, "stiffness_lower_bound_nm_rad": null, "stiffness_out_nm_rad": null, "stiffness_rotor_nm_rad": null, "supply_v": 12.0, "tmax": 0.032, "unusable_directions": {"+": {"output_moved_rad": 0.0032905905024085413, "tau_span_nm": 0.02613308027949331}, "-": {"output_moved_rad": 0.003450260686358675, "tau_span_nm": 0.025350840766952095}}, "verdict": "not measured (reaction/creep dominates)"}
servo parked (mode 0)
