/dev/unitree_servo @ 6000000, id 0
compliance/hysteresis: sweep tau 0 -> +0.032 -> 0 -> -0.032 -> 0 N.m in 0.004 steps (all below breakaway 0.0365 N.m, shaft stays put)
  tau_cmd=+0.0000  reported=-0.00176 Nm  rotor->out +0.000000 rad  output enc +0.000000 rad  gap +0.000000 rad (+0.0000 deg)
  tau_cmd=+0.0040  reported=+0.00024 Nm  rotor->out -0.000016 rad  output enc +0.000024 rad  gap -0.000039 rad (-0.0023 deg)
  tau_cmd=+0.0080  reported=+0.00340 Nm  rotor->out -0.000016 rad  output enc -0.000059 rad  gap +0.000043 rad (+0.0025 deg)
  tau_cmd=+0.0120  reported=+0.00871 Nm  rotor->out -0.000015 rad  output enc -0.000117 rad  gap +0.000101 rad (+0.0058 deg)
  tau_cmd=+0.0160  reported=+0.01123 Nm  rotor->out -0.000014 rad  output enc -0.000013 rad  gap -0.000001 rad (-0.0001 deg)
  tau_cmd=+0.0200  reported=+0.01572 Nm  rotor->out -0.000002 rad  output enc -0.000026 rad  gap +0.000024 rad (+0.0013 deg)
  tau_cmd=+0.0240  reported=+0.01892 Nm  rotor->out +0.000016 rad  output enc -0.000024 rad  gap +0.000040 rad (+0.0023 deg)
  tau_cmd=+0.0280  reported=+0.02327 Nm  rotor->out +0.000346 rad  output enc +0.000290 rad  gap +0.000056 rad (+0.0032 deg)
  tau_cmd=+0.0320  reported=+0.02612 Nm  rotor->out +0.001523 rad  output enc +0.002408 rad  gap -0.000885 rad (-0.0507 deg)
  tau_cmd=+0.0000  reported=-0.00254 Nm  rotor->out +0.001384 rad  output enc +0.001937 rad  gap -0.000553 rad (-0.0317 deg)
  tau_cmd=-0.0040  reported=-0.00864 Nm  rotor->out +0.000958 rad  output enc +0.001188 rad  gap -0.000230 rad (-0.0132 deg)
  tau_cmd=-0.0080  reported=-0.01189 Nm  rotor->out +0.000420 rad  output enc +0.000839 rad  gap -0.000419 rad (-0.0240 deg)
  tau_cmd=-0.0120  reported=-0.01537 Nm  rotor->out -0.000215 rad  output enc +0.000704 rad  gap -0.000919 rad (-0.0526 deg)
  tau_cmd=-0.0160  reported=-0.01861 Nm  rotor->out -0.000586 rad  output enc +0.000882 rad  gap -0.001468 rad (-0.0841 deg)
  tau_cmd=-0.0200  reported=-0.02361 Nm  rotor->out -0.001191 rad  output enc +0.001195 rad  gap -0.002386 rad (-0.1367 deg)
  tau_cmd=-0.0240  reported=-0.02586 Nm  rotor->out -0.001593 rad  output enc +0.001807 rad  gap -0.003400 rad (-0.1948 deg)
  tau_cmd=-0.0280  reported=-0.03085 Nm  rotor->out -0.002353 rad  output enc +0.003159 rad  gap -0.005512 rad (-0.3158 deg)
  tau_cmd=-0.0320  reported=-0.03404 Nm  rotor->out -0.002508 rad  output enc +0.003432 rad  gap -0.005940 rad (-0.3403 deg)
  tau_cmd=+0.0000  reported=-0.00194 Nm  rotor->out -0.002456 rad  output enc +0.003182 rad  gap -0.005638 rad (-0.3230 deg)
  + direction: the output encoder moved 2.41 mrad (3 of its 0.77 mrad counts) while tau went to +0.0259 Nm -- that is reaction/creep, not wind-up, so no stiffness can be read from it
  - direction: the output encoder moved 3.43 mrad (4 of its 0.77 mrad counts) while tau went to +0.0254 Nm -- that is reaction/creep, not wind-up, so no stiffness can be read from it
  -> verdict: NOT MEASURED. Whatever the gap does under load here, it is not a spring; at the torques this servo can take, the tooth play (see the backlash step) dominates any elastic compliance.
  backlash estimate (gap at tau=0, +approach minus -approach): +0.000000 rad
  raw: /home/jetson/Desktop/microduck/unitree_servo/bam_data/M7_compliance_id0_20260911_201934.csv
@@RESULT@@ {"case_c": 62, "gap_scatter_rad": 0.0002999522787819589, "kind": "compliance", "merr": 0, "outpos_lsb_rad": 0.0007669903939428206, "points": [[0.0, -0.0017628295713912549, 0.0, 0.0, 0.0], [0.004, 0.00023719588286846518, -1.5549989389337937e-05, 2.377375044648744e-05, -3.932373983582538e-05], [0.008, 0.0034025055381322186, -1.5657413362180073e-05, -5.903215050739874e-05, 4.337473714521867e-05], [0.012, 0.008714643234243015, -1.546699038047772e-05, -0.00011660461902884833, 0.00010113762864837061], [0.016, 0.011234836804609964, -1.4473288633423675e-05, -1.3027107508278846e-05, -1.4461811251448298e-06], [0.02, 0.015719186806401077, -2.2407777910404825e-06, -2.5760642380134868e-05, 2.3519864589094386e-05], [0.024, 0.018919782218156416, 1.646742689871694e-05, -2.4014955806173077e-05, 4.048238270489002e-05], [0.028, 0.02326727583302384, 0.000346223088958722, 0.00028996483138232776, 5.6258257576394244e-05], [0.032, 0.02612128977927228, 0.0015228839323938037, 0.002407918853824853, -0.0008850349214310493], [0.0, -0.002543643904320988, 0.0013837503462471729, 0.0019372228016116821, -0.0005534724553645093], [-0.004, -0.008642582258095381, 0.0009580257995279867, 0.0011877071809927031, -0.0002296813814647164], [-0.008, -0.01188855075972174, 0.0004201834357137474, 0.00083882091991061, -0.00041863748419686264], [-0.012, -0.015367247997699016, -0.00021453698127395227, 0.0007043648168583161, -0.0009189017981322684], [-0.016, -0.018610367807889987, -0.0005859670211738888, 0.0008822092292577466, -0.0014681762504316354], [-0.02, -0.02360981160470267, -0.0011905201041458868, 0.001195067429232921, -0.002385587533378808], [-0.024, -0.025860573515229895, -0.0015927069198904409, 0.0018074280680586696, -0.0034001349879491105], [-0.028, -0.030847828040557294, -0.002353180171695529, 0.003158584128229336, -0.005511764299924865], [-0.032, -0.03404178097850938, -0.0025080831558076944, 0.0034318083157014456, -0.00593989147150914], [0.0, -0.0019436646150349317, -0.002456042254799895, 0.0031815289782812783, -0.005637571233081173]], "raw_log": "/home/jetson/Desktop/microduck/unitree_servo/bam_data/M7_compliance_id0_20260911_201934.csv", "rotor_lsb_out_rad": 6.649731187673233e-07, "step": 0.004, "stiffness_lower_bound_nm_rad": null, "stiffness_out_nm_rad": null, "stiffness_rotor_nm_rad": null, "supply_v": 12.5, "tmax": 0.032, "unusable_directions": {"+": {"output_moved_rad": 0.002407918853824853, "tau_span_nm": 0.025884093896403816}, "-": {"output_moved_rad": 0.0034318083157014456, "tau_span_nm": 0.025399198720413997}}, "verdict": "not measured (reaction/creep dominates)"}
servo parked (mode 0)
